FUNC LABEL 0
    PRINT VAL 1
    CAL VAL 1
    PRINT VAL 2
    PRINT VAL 3
    RET
FUNC LABEL 1
    PRINT VAL 4
    PRINT VAL 5
    CAL VAL 2
    MOV STK A VAL 5
    PRINT STK A
    RET
FUNC LABEL 2
    PRINT VAL 7
    PRINT VAL 8
    CAL VAL 3
    PRINT VAL 9
    MOV REG 0 VAL 2
    ADD REG 7 REG 0
    PRINT VAL 10
    PRINT VAL 11
    PRINT VAL 12
    PRINT VAL 13
    RET
FUNC LABEL 3
    PRINT VAL 14
    RET
