FUNC LABEL 0
    MOV REG 0 VAL 1
    MOV STK A REG 0
    REF STK B STK A
    PRINT PTR B
    REF STK C STK B
    MOV STK D PTR C
    PRINT PTR D
    RET
