FUNC LABEL 0
    MOV REG 0 VAL 1
    MOV STK A REG 0
    PRINT STK A
    REF STK B STK A
    PRINT PTR B
    MOV STK C VAL 99
    PRINT STK C
    RET
