FUNC LABEL 2
    PRINT VAL 10
    MOV STK A VAL 31
    MOV REG 0 STK A
    EQU REG 0
    MOV REG 1 STK A
    ADD REG 0 REG 1
    REF STK B STK A
    MOV REG 2 STK B
    CAL VAL 1
    RET
FUNC LABEL 1
    MOV STK A REG 2
    MOV STK B PTR A
    REF STK C PTR B
    PRINT STK C
    RET
FUNC LABEL 0
    CAL VAL 2
    PRINT REG 0
    RET
