FUNC LABEL 0
    MOV STK A VAL 1
    MOV STK B VAL 1
    REF STK C PTR A
    REF STK D PTR B
    REF STK E STK A
    REF STK F STK B
    MOV REG 0 STK C
    MOV REG 1 STK D
    NOT REG 0
    MOV REG 2 VAL 1
    ADD REG 0 REG 2
    ADD REG 0 REG 1
    EQU REG 0
    ADD REG 7 REG 0
    PRINT VAL 11
    MOV REG 0 STK E
    MOV REG 1 STK F
    NOT REG 0
    ADD REG 0 REG 2
    ADD REG 0 REG 1
    EQU REG 0
    ADD REG 7 REG 0
    PRINT VAL 77
    PRINT VAL 0
    PRINT VAL 1
    PRINT VAL 2
    RET
